// Jest Snapshot v1, https://goo.gl/fbAQLP

exports[`should match snapshot 1`] = `
<DocumentFragment>
  <div>
    <h2>
      Todo List
    </h2>
    <form>
      <label>
        New Task
        <input
          name="todo"
          placeholder="todo"
          type="text"
          value=""
        />
      </label>
      <button>
        Add New Task
      </button>
    </form>
    <div>
      <div>
        <p>
          Walk Dog
        </p>
        <button>
          Delete
        </button>
      </div>
      <div>
        <p>
          Make Dinner
        </p>
        <button>
          Delete
        </button>
      </div>
    </div>
  </div>
</DocumentFragment>
`;
